// Jest Snapshot v1, https://goo.gl/fbAQLP

exports[`Snapshot 1`] = `
{
  "Parameters": {
    "BootstrapVersion": {
      "Default": "/cdk-bootstrap/hnb659fds/version",
      "Description": "Version of the CDK Bootstrap resources in this environment, automatically retrieved from SSM Parameter Store. [cdk:skip]",
      "Type": "AWS::SSM::Parameter::Value<String>",
    },
  },
  "Resources": {
    "ALBAEE750D2": {
      "Properties": {
        "LoadBalancerAttributes": [
          {
            "Key": "deletion_protection.enabled",
            "Value": "false",
          },
        ],
        "Scheme": "internal",
        "SecurityGroups": [
          {
            "Fn::GetAtt": [
              "ALBSecurityGroup8B8624F8",
              "GroupId",
            ],
          },
        ],
        "Subnets": [
          {
            "Ref": "VpcisolatedSubnet1SubnetE62B1B9B",
          },
        ],
        "Type": "application",
      },
      "Type": "AWS::ElasticLoadBalancingV2::LoadBalancer",
    },
    "ALBListner0BF2DCAC": {
      "Properties": {
        "DefaultActions": [
          {
            "TargetGroupArn": {
              "Ref": "ALBListnerECSGroup710A119A",
            },
            "Type": "forward",
          },
        ],
        "LoadBalancerArn": {
          "Ref": "ALBAEE750D2",
        },
        "Port": 80,
        "Protocol": "HTTP",
      },
      "Type": "AWS::ElasticLoadBalancingV2::Listener",
    },
    "ALBListnerECSGroup710A119A": {
      "Properties": {
        "Port": 443,
        "Protocol": "HTTPS",
        "TargetGroupAttributes": [
          {
            "Key": "stickiness.enabled",
            "Value": "false",
          },
        ],
        "TargetType": "ip",
        "VpcId": {
          "Ref": "Vpc8378EB38",
        },
      },
      "Type": "AWS::ElasticLoadBalancingV2::TargetGroup",
    },
    "ALBSecurityGroup8B8624F8": {
      "Properties": {
        "GroupDescription": "Automatically created Security Group for ELB testALBCE7FCCB2",
        "SecurityGroupIngress": [
          {
            "CidrIp": "0.0.0.0/0",
            "Description": "Allow from anyone on port 80",
            "FromPort": 80,
            "IpProtocol": "tcp",
            "ToPort": 80,
          },
        ],
        "VpcId": {
          "Ref": "Vpc8378EB38",
        },
      },
      "Type": "AWS::EC2::SecurityGroup",
    },
    "ALBSecurityGrouptotestServiceSecurityGroup9F658B8D808037F09521": {
      "Properties": {
        "Description": "Load balancer to target",
        "DestinationSecurityGroupId": {
          "Fn::GetAtt": [
            "ServiceSecurityGroupC96ED6A7",
            "GroupId",
          ],
        },
        "FromPort": 8080,
        "GroupId": {
          "Fn::GetAtt": [
            "ALBSecurityGroup8B8624F8",
            "GroupId",
          ],
        },
        "IpProtocol": "tcp",
        "ToPort": 8080,
      },
      "Type": "AWS::EC2::SecurityGroupEgress",
    },
    "AppRepoB478A890": {
      "DeletionPolicy": "Retain",
      "Properties": {
        "ImageTagMutability": "IMMUTABLE",
        "RepositoryName": "app",
      },
      "Type": "AWS::ECR::Repository",
      "UpdateReplacePolicy": "Retain",
    },
    "EcsCluster97242B84": {
      "Type": "AWS::ECS::Cluster",
    },
    "ServiceD69D759B": {
      "DependsOn": [
        "ALBListnerECSGroup710A119A",
        "ALBListner0BF2DCAC",
      ],
      "Properties": {
        "Cluster": {
          "Ref": "EcsCluster97242B84",
        },
        "DeploymentConfiguration": {
          "MaximumPercent": 200,
          "MinimumHealthyPercent": 50,
        },
        "EnableECSManagedTags": false,
        "HealthCheckGracePeriodSeconds": 60,
        "LaunchType": "FARGATE",
        "LoadBalancers": [
          {
            "ContainerName": "app",
            "ContainerPort": 8080,
            "TargetGroupArn": {
              "Ref": "ALBListnerECSGroup710A119A",
            },
          },
        ],
        "NetworkConfiguration": {
          "AwsvpcConfiguration": {
            "AssignPublicIp": "DISABLED",
            "SecurityGroups": [
              {
                "Fn::GetAtt": [
                  "ServiceSecurityGroupC96ED6A7",
                  "GroupId",
                ],
              },
            ],
            "Subnets": [
              {
                "Ref": "VpcisolatedSubnet1SubnetE62B1B9B",
              },
            ],
          },
        },
        "TaskDefinition": {
          "Ref": "TaskDef54694570",
        },
      },
      "Type": "AWS::ECS::Service",
    },
    "ServiceSecurityGroupC96ED6A7": {
      "Properties": {
        "GroupDescription": "test/Service/SecurityGroup",
        "SecurityGroupEgress": [
          {
            "CidrIp": "0.0.0.0/0",
            "Description": "Allow all outbound traffic by default",
            "IpProtocol": "-1",
          },
        ],
        "VpcId": {
          "Ref": "Vpc8378EB38",
        },
      },
      "Type": "AWS::EC2::SecurityGroup",
    },
    "ServiceSecurityGroupfromtestALBSecurityGroup1DC4A4658080B74B6B97": {
      "Properties": {
        "Description": "Load balancer to target",
        "FromPort": 8080,
        "GroupId": {
          "Fn::GetAtt": [
            "ServiceSecurityGroupC96ED6A7",
            "GroupId",
          ],
        },
        "IpProtocol": "tcp",
        "SourceSecurityGroupId": {
          "Fn::GetAtt": [
            "ALBSecurityGroup8B8624F8",
            "GroupId",
          ],
        },
        "ToPort": 8080,
      },
      "Type": "AWS::EC2::SecurityGroupIngress",
    },
    "TaskDef54694570": {
      "Properties": {
        "ContainerDefinitions": [
          {
            "Environment": [
              {
                "Name": "TEST_ENV",
                "Value": "SAMPLE",
              },
            ],
            "Essential": true,
            "Image": {
              "Fn::Join": [
                "",
                [
                  {
                    "Fn::Select": [
                      4,
                      {
                        "Fn::Split": [
                          ":",
                          {
                            "Fn::GetAtt": [
                              "AppRepoB478A890",
                              "Arn",
                            ],
                          },
                        ],
                      },
                    ],
                  },
                  ".dkr.ecr.",
                  {
                    "Fn::Select": [
                      3,
                      {
                        "Fn::Split": [
                          ":",
                          {
                            "Fn::GetAtt": [
                              "AppRepoB478A890",
                              "Arn",
                            ],
                          },
                        ],
                      },
                    ],
                  },
                  ".",
                  {
                    "Ref": "AWS::URLSuffix",
                  },
                  "/",
                  {
                    "Ref": "AppRepoB478A890",
                  },
                  ":latest",
                ],
              ],
            },
            "Name": "app",
            "PortMappings": [
              {
                "ContainerPort": 8080,
                "Protocol": "tcp",
              },
            ],
          },
        ],
        "Cpu": "256",
        "ExecutionRoleArn": {
          "Fn::GetAtt": [
            "TaskDefExecutionRoleB4775C97",
            "Arn",
          ],
        },
        "Family": "testTaskDefFA002F41",
        "Memory": "512",
        "NetworkMode": "awsvpc",
        "RequiresCompatibilities": [
          "FARGATE",
        ],
        "RuntimePlatform": {
          "CpuArchitecture": "X86_64",
          "OperatingSystemFamily": "LINUX",
        },
        "TaskRoleArn": {
          "Fn::GetAtt": [
            "TaskDefTaskRole1EDB4A67",
            "Arn",
          ],
        },
      },
      "Type": "AWS::ECS::TaskDefinition",
    },
    "TaskDefExecutionRoleB4775C97": {
      "Properties": {
        "AssumeRolePolicyDocument": {
          "Statement": [
            {
              "Action": "sts:AssumeRole",
              "Effect": "Allow",
              "Principal": {
                "Service": "ecs-tasks.amazonaws.com",
              },
            },
          ],
          "Version": "2012-10-17",
        },
      },
      "Type": "AWS::IAM::Role",
    },
    "TaskDefExecutionRoleDefaultPolicy0DBB737A": {
      "Properties": {
        "PolicyDocument": {
          "Statement": [
            {
              "Action": [
                "ecr:BatchCheckLayerAvailability",
                "ecr:GetDownloadUrlForLayer",
                "ecr:BatchGetImage",
              ],
              "Effect": "Allow",
              "Resource": {
                "Fn::GetAtt": [
                  "AppRepoB478A890",
                  "Arn",
                ],
              },
            },
            {
              "Action": "ecr:GetAuthorizationToken",
              "Effect": "Allow",
              "Resource": "*",
            },
          ],
          "Version": "2012-10-17",
        },
        "PolicyName": "TaskDefExecutionRoleDefaultPolicy0DBB737A",
        "Roles": [
          {
            "Ref": "TaskDefExecutionRoleB4775C97",
          },
        ],
      },
      "Type": "AWS::IAM::Policy",
    },
    "TaskDefTaskRole1EDB4A67": {
      "Properties": {
        "AssumeRolePolicyDocument": {
          "Statement": [
            {
              "Action": "sts:AssumeRole",
              "Effect": "Allow",
              "Principal": {
                "Service": "ecs-tasks.amazonaws.com",
              },
            },
          ],
          "Version": "2012-10-17",
        },
      },
      "Type": "AWS::IAM::Role",
    },
    "Vpc8378EB38": {
      "Properties": {
        "CidrBlock": "10.1.0.0/16",
        "EnableDnsHostnames": true,
        "EnableDnsSupport": true,
        "InstanceTenancy": "default",
        "Tags": [
          {
            "Key": "Name",
            "Value": "test/Vpc",
          },
        ],
      },
      "Type": "AWS::EC2::VPC",
    },
    "VpcDynamoDBEndpoint43D8F30A": {
      "Properties": {
        "RouteTableIds": [
          {
            "Ref": "VpcisolatedSubnet1RouteTableE442650B",
          },
        ],
        "ServiceName": {
          "Fn::Join": [
            "",
            [
              "com.amazonaws.",
              {
                "Ref": "AWS::Region",
              },
              ".dynamodb",
            ],
          ],
        },
        "VpcEndpointType": "Gateway",
        "VpcId": {
          "Ref": "Vpc8378EB38",
        },
      },
      "Type": "AWS::EC2::VPCEndpoint",
    },
    "VpcEcrDkrEndpoint764F3A9A": {
      "Properties": {
        "PrivateDnsEnabled": true,
        "SecurityGroupIds": [
          {
            "Fn::GetAtt": [
              "VpcEcrDkrEndpointSecurityGroup01F64E22",
              "GroupId",
            ],
          },
        ],
        "ServiceName": {
          "Fn::Join": [
            "",
            [
              "com.amazonaws.",
              {
                "Ref": "AWS::Region",
              },
              ".ecr.dkr",
            ],
          ],
        },
        "SubnetIds": [
          {
            "Ref": "VpcisolatedSubnet1SubnetE62B1B9B",
          },
        ],
        "VpcEndpointType": "Interface",
        "VpcId": {
          "Ref": "Vpc8378EB38",
        },
      },
      "Type": "AWS::EC2::VPCEndpoint",
    },
    "VpcEcrDkrEndpointSecurityGroup01F64E22": {
      "Properties": {
        "GroupDescription": "test/Vpc/EcrDkrEndpoint/SecurityGroup",
        "SecurityGroupEgress": [
          {
            "CidrIp": "0.0.0.0/0",
            "Description": "Allow all outbound traffic by default",
            "IpProtocol": "-1",
          },
        ],
        "SecurityGroupIngress": [
          {
            "CidrIp": {
              "Fn::GetAtt": [
                "Vpc8378EB38",
                "CidrBlock",
              ],
            },
            "Description": {
              "Fn::Join": [
                "",
                [
                  "from ",
                  {
                    "Fn::GetAtt": [
                      "Vpc8378EB38",
                      "CidrBlock",
                    ],
                  },
                  ":443",
                ],
              ],
            },
            "FromPort": 443,
            "IpProtocol": "tcp",
            "ToPort": 443,
          },
        ],
        "Tags": [
          {
            "Key": "Name",
            "Value": "test/Vpc",
          },
        ],
        "VpcId": {
          "Ref": "Vpc8378EB38",
        },
      },
      "Type": "AWS::EC2::SecurityGroup",
    },
    "VpcEcrEndpoint0BE46338": {
      "Properties": {
        "PrivateDnsEnabled": true,
        "SecurityGroupIds": [
          {
            "Fn::GetAtt": [
              "VpcEcrEndpointSecurityGroup13145954",
              "GroupId",
            ],
          },
        ],
        "ServiceName": {
          "Fn::Join": [
            "",
            [
              "com.amazonaws.",
              {
                "Ref": "AWS::Region",
              },
              ".ecr.api",
            ],
          ],
        },
        "SubnetIds": [
          {
            "Ref": "VpcisolatedSubnet1SubnetE62B1B9B",
          },
        ],
        "VpcEndpointType": "Interface",
        "VpcId": {
          "Ref": "Vpc8378EB38",
        },
      },
      "Type": "AWS::EC2::VPCEndpoint",
    },
    "VpcEcrEndpointSecurityGroup13145954": {
      "Properties": {
        "GroupDescription": "test/Vpc/EcrEndpoint/SecurityGroup",
        "SecurityGroupEgress": [
          {
            "CidrIp": "0.0.0.0/0",
            "Description": "Allow all outbound traffic by default",
            "IpProtocol": "-1",
          },
        ],
        "SecurityGroupIngress": [
          {
            "CidrIp": {
              "Fn::GetAtt": [
                "Vpc8378EB38",
                "CidrBlock",
              ],
            },
            "Description": {
              "Fn::Join": [
                "",
                [
                  "from ",
                  {
                    "Fn::GetAtt": [
                      "Vpc8378EB38",
                      "CidrBlock",
                    ],
                  },
                  ":443",
                ],
              ],
            },
            "FromPort": 443,
            "IpProtocol": "tcp",
            "ToPort": 443,
          },
        ],
        "Tags": [
          {
            "Key": "Name",
            "Value": "test/Vpc",
          },
        ],
        "VpcId": {
          "Ref": "Vpc8378EB38",
        },
      },
      "Type": "AWS::EC2::SecurityGroup",
    },
    "VpcLogEndpoint02E2D2F2": {
      "Properties": {
        "PrivateDnsEnabled": true,
        "SecurityGroupIds": [
          {
            "Fn::GetAtt": [
              "VpcLogEndpointSecurityGroupBDF50B2C",
              "GroupId",
            ],
          },
        ],
        "ServiceName": {
          "Fn::Join": [
            "",
            [
              "com.amazonaws.",
              {
                "Ref": "AWS::Region",
              },
              ".logs",
            ],
          ],
        },
        "SubnetIds": [
          {
            "Ref": "VpcisolatedSubnet1SubnetE62B1B9B",
          },
        ],
        "VpcEndpointType": "Interface",
        "VpcId": {
          "Ref": "Vpc8378EB38",
        },
      },
      "Type": "AWS::EC2::VPCEndpoint",
    },
    "VpcLogEndpointSecurityGroupBDF50B2C": {
      "Properties": {
        "GroupDescription": "test/Vpc/LogEndpoint/SecurityGroup",
        "SecurityGroupEgress": [
          {
            "CidrIp": "0.0.0.0/0",
            "Description": "Allow all outbound traffic by default",
            "IpProtocol": "-1",
          },
        ],
        "SecurityGroupIngress": [
          {
            "CidrIp": {
              "Fn::GetAtt": [
                "Vpc8378EB38",
                "CidrBlock",
              ],
            },
            "Description": {
              "Fn::Join": [
                "",
                [
                  "from ",
                  {
                    "Fn::GetAtt": [
                      "Vpc8378EB38",
                      "CidrBlock",
                    ],
                  },
                  ":443",
                ],
              ],
            },
            "FromPort": 443,
            "IpProtocol": "tcp",
            "ToPort": 443,
          },
        ],
        "Tags": [
          {
            "Key": "Name",
            "Value": "test/Vpc",
          },
        ],
        "VpcId": {
          "Ref": "Vpc8378EB38",
        },
      },
      "Type": "AWS::EC2::SecurityGroup",
    },
    "VpcS3Endpoint4A3DE4B5": {
      "Properties": {
        "RouteTableIds": [
          {
            "Ref": "VpcisolatedSubnet1RouteTableE442650B",
          },
        ],
        "ServiceName": {
          "Fn::Join": [
            "",
            [
              "com.amazonaws.",
              {
                "Ref": "AWS::Region",
              },
              ".s3",
            ],
          ],
        },
        "VpcEndpointType": "Gateway",
        "VpcId": {
          "Ref": "Vpc8378EB38",
        },
      },
      "Type": "AWS::EC2::VPCEndpoint",
    },
    "VpcSSMInterfaceA9FEB3C2": {
      "Properties": {
        "PrivateDnsEnabled": true,
        "SecurityGroupIds": [
          {
            "Fn::GetAtt": [
              "VpcSSMInterfaceSecurityGroup428E6075",
              "GroupId",
            ],
          },
        ],
        "ServiceName": {
          "Fn::Join": [
            "",
            [
              "com.amazonaws.",
              {
                "Ref": "AWS::Region",
              },
              ".ssm",
            ],
          ],
        },
        "SubnetIds": [
          {
            "Ref": "VpcisolatedSubnet1SubnetE62B1B9B",
          },
        ],
        "VpcEndpointType": "Interface",
        "VpcId": {
          "Ref": "Vpc8378EB38",
        },
      },
      "Type": "AWS::EC2::VPCEndpoint",
    },
    "VpcSSMInterfaceSecurityGroup428E6075": {
      "Properties": {
        "GroupDescription": "test/Vpc/SSMInterface/SecurityGroup",
        "SecurityGroupEgress": [
          {
            "CidrIp": "0.0.0.0/0",
            "Description": "Allow all outbound traffic by default",
            "IpProtocol": "-1",
          },
        ],
        "SecurityGroupIngress": [
          {
            "CidrIp": {
              "Fn::GetAtt": [
                "Vpc8378EB38",
                "CidrBlock",
              ],
            },
            "Description": {
              "Fn::Join": [
                "",
                [
                  "from ",
                  {
                    "Fn::GetAtt": [
                      "Vpc8378EB38",
                      "CidrBlock",
                    ],
                  },
                  ":443",
                ],
              ],
            },
            "FromPort": 443,
            "IpProtocol": "tcp",
            "ToPort": 443,
          },
        ],
        "Tags": [
          {
            "Key": "Name",
            "Value": "test/Vpc",
          },
        ],
        "VpcId": {
          "Ref": "Vpc8378EB38",
        },
      },
      "Type": "AWS::EC2::SecurityGroup",
    },
    "VpcSecretsEndpointFBE119FA": {
      "Properties": {
        "PrivateDnsEnabled": true,
        "SecurityGroupIds": [
          {
            "Fn::GetAtt": [
              "VpcSecretsEndpointSecurityGroup81CD588F",
              "GroupId",
            ],
          },
        ],
        "ServiceName": {
          "Fn::Join": [
            "",
            [
              "com.amazonaws.",
              {
                "Ref": "AWS::Region",
              },
              ".secretsmanager",
            ],
          ],
        },
        "SubnetIds": [
          {
            "Ref": "VpcisolatedSubnet1SubnetE62B1B9B",
          },
        ],
        "VpcEndpointType": "Interface",
        "VpcId": {
          "Ref": "Vpc8378EB38",
        },
      },
      "Type": "AWS::EC2::VPCEndpoint",
    },
    "VpcSecretsEndpointSecurityGroup81CD588F": {
      "Properties": {
        "GroupDescription": "test/Vpc/SecretsEndpoint/SecurityGroup",
        "SecurityGroupEgress": [
          {
            "CidrIp": "0.0.0.0/0",
            "Description": "Allow all outbound traffic by default",
            "IpProtocol": "-1",
          },
        ],
        "SecurityGroupIngress": [
          {
            "CidrIp": {
              "Fn::GetAtt": [
                "Vpc8378EB38",
                "CidrBlock",
              ],
            },
            "Description": {
              "Fn::Join": [
                "",
                [
                  "from ",
                  {
                    "Fn::GetAtt": [
                      "Vpc8378EB38",
                      "CidrBlock",
                    ],
                  },
                  ":443",
                ],
              ],
            },
            "FromPort": 443,
            "IpProtocol": "tcp",
            "ToPort": 443,
          },
        ],
        "Tags": [
          {
            "Key": "Name",
            "Value": "test/Vpc",
          },
        ],
        "VpcId": {
          "Ref": "Vpc8378EB38",
        },
      },
      "Type": "AWS::EC2::SecurityGroup",
    },
    "VpcisolatedSubnet1RouteTableAssociationD259E31A": {
      "Properties": {
        "RouteTableId": {
          "Ref": "VpcisolatedSubnet1RouteTableE442650B",
        },
        "SubnetId": {
          "Ref": "VpcisolatedSubnet1SubnetE62B1B9B",
        },
      },
      "Type": "AWS::EC2::SubnetRouteTableAssociation",
    },
    "VpcisolatedSubnet1RouteTableE442650B": {
      "Properties": {
        "Tags": [
          {
            "Key": "Name",
            "Value": "test/Vpc/isolatedSubnet1",
          },
        ],
        "VpcId": {
          "Ref": "Vpc8378EB38",
        },
      },
      "Type": "AWS::EC2::RouteTable",
    },
    "VpcisolatedSubnet1SubnetE62B1B9B": {
      "Properties": {
        "AvailabilityZone": {
          "Fn::Select": [
            0,
            {
              "Fn::GetAZs": "",
            },
          ],
        },
        "CidrBlock": "10.1.0.0/24",
        "MapPublicIpOnLaunch": false,
        "Tags": [
          {
            "Key": "aws-cdk:subnet-name",
            "Value": "isolated",
          },
          {
            "Key": "aws-cdk:subnet-type",
            "Value": "Isolated",
          },
          {
            "Key": "Name",
            "Value": "test/Vpc/isolatedSubnet1",
          },
        ],
        "VpcId": {
          "Ref": "Vpc8378EB38",
        },
      },
      "Type": "AWS::EC2::Subnet",
    },
  },
  "Rules": {
    "CheckBootstrapVersion": {
      "Assertions": [
        {
          "Assert": {
            "Fn::Not": [
              {
                "Fn::Contains": [
                  [
                    "1",
                    "2",
                    "3",
                    "4",
                    "5",
                  ],
                  {
                    "Ref": "BootstrapVersion",
                  },
                ],
              },
            ],
          },
          "AssertDescription": "CDK bootstrap stack version 6 required. Please run 'cdk bootstrap' with a recent version of the CDK CLI.",
        },
      ],
    },
  },
}
`;
